#
# Generate map in an (imaginary) Kiva setting.
#
# '.' : empty.
# 'O' : operation position.
# 'P' : shelf operation point.
# 'T' : temporary storage point.
# 'S' : shelf storage point.
# 'B' : blocked area.
# 'R' : rest area.
#
# X_LIMIT
# Y_LIMIT
# Robot count
# Shelf count
# Map
81
101
300
2000
.....................................................................................................
.PP.PP.SSSSSSSSSS.SSSSSSSSSS.SSSSSSSSSS.SSSSSSSSSS.SSSSSSSSSS.SSSSSSSSSS.SSSSSSSSSS.SSSSSSSSSS.PP.PP.
.OP.OP.BBBBBBBBBB.BBBBBBBBBB.BBBBBBBBBB.BBBBBBBBBB.BBBBBBBBBB.BBBBBBBBBB.BBBBBBBBBB.BBBBBBBBBB.PO.PO.
.PP.PP.SSSSSSSSSS.SSSSSSSSSS.SSSSSSSSSS.SSSSSSSSSS.SSSSSSSSSS.SSSSSSSSSS.SSSSSSSSSS.SSSSSSSSSS.PP.PP.
.....................................................................................................
.PP.PP.SSSSSSSSSS.SSSSSSSSSS.SSSSSSSSSS.SSSSSSSSSS.SSSSSSSSSS.SSSSSSSSSS.SSSSSSSSSS.SSSSSSSSSS.PP.PP.
.OP.OP.BBBBBBBBBB.BBBBBBBBBB.BBBBBBBBBB.BBBBBBBBBB.BBBBBBBBBB.BBBBBBBBBB.BBBBBBBBBB.BBBBBBBBBB.PO.PO.
.PP.PP.SSSSSSSSSS.SSSSSSSSSS.SSSSSSSSSS.SSSSSSSSSS.SSSSSSSSSS.SSSSSSSSSS.SSSSSSSSSS.SSSSSSSSSS.PP.PP.
.....................................................................................................
.PP.PP.SSSSSSSSSS.SSSSSSSSSS.SSSSSSSSSS.SSSSSSSSSS.SSSSSSSSSS.SSSSSSSSSS.SSSSSSSSSS.SSSSSSSSSS.PP.PP.
.OP.OP.BBBBBBBBBB.BBBBBBBBBB.BBBBBBBBBB.BBBBBBBBBB.BBBBBBBBBB.BBBBBBBBBB.BBBBBBBBBB.BBBBBBBBBB.PO.PO.
.PP.PP.SSSSSSSSSS.SSSSSSSSSS.SSSSSSSSSS.SSSSSSSSSS.SSSSSSSSSS.SSSSSSSSSS.SSSSSSSSSS.SSSSSSSSSS.PP.PP.
.....................................................................................................
.PP.PP.SSSSSSSSSS.SSSSSSSSSS.SSSSSSSSSS.SSSSSSSSSS.SSSSSSSSSS.SSSSSSSSSS.SSSSSSSSSS.SSSSSSSSSS.PP.PP.
.OP.OP.BBBBBBBBBB.BBBBBBBBBB.BBBBBBBBBB.BBBBBBBBBB.BBBBBBBBBB.BBBBBBBBBB.BBBBBBBBBB.BBBBBBBBBB.PO.PO.
.PP.PP.SSSSSSSSSS.SSSSSSSSSS.SSSSSSSSSS.SSSSSSSSSS.SSSSSSSSSS.SSSSSSSSSS.SSSSSSSSSS.SSSSSSSSSS.PP.PP.
.....................................................................................................
.PP.PP.SSSSSSSSSS.SSSSSSSSSS.SSSSSSSSSS.SSSSSSSSSS.SSSSSSSSSS.SSSSSSSSSS.SSSSSSSSSS.SSSSSSSSSS.PP.PP.
.OP.OP.BBBBBBBBBB.BBBBBBBBBB.BBBBBBBBBB.BBBBBBBBBB.BBBBBBBBBB.BBBBBBBBBB.BBBBBBBBBB.BBBBBBBBBB.PO.PO.
.PP.PP.SSSSSSSSSS.SSSSSSSSSS.SSSSSSSSSS.SSSSSSSSSS.SSSSSSSSSS.SSSSSSSSSS.SSSSSSSSSS.SSSSSSSSSS.PP.PP.
.....................................................................................................
.PP.PP.SSSSSSSSSS.SSSSSSSSSS.SSSSSSSSSS.SSSSSSSSSS.SSSSSSSSSS.SSSSSSSSSS.SSSSSSSSSS.SSSSSSSSSS.PP.PP.
.OP.OP.BBBBBBBBBB.BBBBBBBBBB.BBBBBBBBBB.BBBBBBBBBB.BBBBBBBBBB.BBBBBBBBBB.BBBBBBBBBB.BBBBBBBBBB.PO.PO.
.PP.PP.SSSSSSSSSS.SSSSSSSSSS.SSSSSSSSSS.SSSSSSSSSS.SSSSSSSSSS.SSSSSSSSSS.SSSSSSSSSS.SSSSSSSSSS.PP.PP.
.....................................................................................................
.PP.PP.SSSSSSSSSS.SSSSSSSSSS.SSSSSSSSSS.SSSSSSSSSS.SSSSSSSSSS.SSSSSSSSSS.SSSSSSSSSS.SSSSSSSSSS.PP.PP.
.OP.OP.BBBBBBBBBB.BBBBBBBBBB.BBBBBBBBBB.BBBBBBBBBB.BBBBBBBBBB.BBBBBBBBBB.BBBBBBBBBB.BBBBBBBBBB.PO.PO.
.PP.PP.SSSSSSSSSS.SSSSSSSSSS.SSSSSSSSSS.SSSSSSSSSS.SSSSSSSSSS.SSSSSSSSSS.SSSSSSSSSS.SSSSSSSSSS.PP.PP.
.....................................................................................................
.PP.PP.SSSSSSSSSS.SSSSSSSSSS.SSSSSSSSSS.SSSSSSSSSS.SSSSSSSSSS.SSSSSSSSSS.SSSSSSSSSS.SSSSSSSSSS.PP.PP.
.OP.OP.BBBBBBBBBB.BBBBBBBBBB.BBBBBBBBBB.BBBBBBBBBB.BBBBBBBBBB.BBBBBBBBBB.BBBBBBBBBB.BBBBBBBBBB.PO.PO.
.PP.PP.SSSSSSSSSS.SSSSSSSSSS.SSSSSSSSSS.SSSSSSSSSS.SSSSSSSSSS.SSSSSSSSSS.SSSSSSSSSS.SSSSSSSSSS.PP.PP.
.....................................................................................................
.PP.PP.SSSSSSSSSS.SSSSSSSSSS.SSSSSSSSSS.SSSSSSSSSS.SSSSSSSSSS.SSSSSSSSSS.SSSSSSSSSS.SSSSSSSSSS.PP.PP.
.OP.OP.BBBBBBBBBB.BBBBBBBBBB.BBBBBBBBBB.BBBBBBBBBB.BBBBBBBBBB.BBBBBBBBBB.BBBBBBBBBB.BBBBBBBBBB.PO.PO.
.PP.PP.SSSSSSSSSS.SSSSSSSSSS.SSSSSSSSSS.SSSSSSSSSS.SSSSSSSSSS.SSSSSSSSSS.SSSSSSSSSS.SSSSSSSSSS.PP.PP.
.....................................................................................................
.PP.PP.SSSSSSSSSS.SSSSSSSSSS.SSSSSSSSSS.SSSSSSSSSS.SSSSSSSSSS.SSSSSSSSSS.SSSSSSSSSS.SSSSSSSSSS.PP.PP.
.OP.OP.BBBBBBBBBB.BBBBBBBBBB.BBBBBBBBBB.BBBBBBBBBB.BBBBBBBBBB.BBBBBBBBBB.BBBBBBBBBB.BBBBBBBBBB.PO.PO.
.PP.PP.SSSSSSSSSS.SSSSSSSSSS.SSSSSSSSSS.SSSSSSSSSS.SSSSSSSSSS.SSSSSSSSSS.SSSSSSSSSS.SSSSSSSSSS.PP.PP.
.....................................................................................................
.PP.PP.SSSSSSSSSS.SSSSSSSSSS.SSSSSSSSSS.SSSSSSSSSS.SSSSSSSSSS.SSSSSSSSSS.SSSSSSSSSS.SSSSSSSSSS.PP.PP.
.OP.OP.BBBBBBBBBB.BBBBBBBBBB.BBBBBBBBBB.BBBBBBBBBB.BBBBBBBBBB.BBBBBBBBBB.BBBBBBBBBB.BBBBBBBBBB.PO.PO.
.PP.PP.SSSSSSSSSS.SSSSSSSSSS.SSSSSSSSSS.SSSSSSSSSS.SSSSSSSSSS.SSSSSSSSSS.SSSSSSSSSS.SSSSSSSSSS.PP.PP.
.....................................................................................................
.PP.PP.SSSSSSSSSS.SSSSSSSSSS.SSSSSSSSSS.SSSSSSSSSS.SSSSSSSSSS.SSSSSSSSSS.SSSSSSSSSS.SSSSSSSSSS.PP.PP.
.OP.OP.BBBBBBBBBB.BBBBBBBBBB.BBBBBBBBBB.BBBBBBBBBB.BBBBBBBBBB.BBBBBBBBBB.BBBBBBBBBB.BBBBBBBBBB.PO.PO.
.PP.PP.SSSSSSSSSS.SSSSSSSSSS.SSSSSSSSSS.SSSSSSSSSS.SSSSSSSSSS.SSSSSSSSSS.SSSSSSSSSS.SSSSSSSSSS.PP.PP.
.....................................................................................................
.PP.PP.SSSSSSSSSS.SSSSSSSSSS.SSSSSSSSSS.SSSSSSSSSS.SSSSSSSSSS.SSSSSSSSSS.SSSSSSSSSS.SSSSSSSSSS.PP.PP.
.OP.OP.BBBBBBBBBB.BBBBBBBBBB.BBBBBBBBBB.BBBBBBBBBB.BBBBBBBBBB.BBBBBBBBBB.BBBBBBBBBB.BBBBBBBBBB.PO.PO.
.PP.PP.SSSSSSSSSS.SSSSSSSSSS.SSSSSSSSSS.SSSSSSSSSS.SSSSSSSSSS.SSSSSSSSSS.SSSSSSSSSS.SSSSSSSSSS.PP.PP.
.....................................................................................................
.PP.PP.SSSSSSSSSS.SSSSSSSSSS.SSSSSSSSSS.SSSSSSSSSS.SSSSSSSSSS.SSSSSSSSSS.SSSSSSSSSS.SSSSSSSSSS.PP.PP.
.OP.OP.BBBBBBBBBB.BBBBBBBBBB.BBBBBBBBBB.BBBBBBBBBB.BBBBBBBBBB.BBBBBBBBBB.BBBBBBBBBB.BBBBBBBBBB.PO.PO.
.PP.PP.SSSSSSSSSS.SSSSSSSSSS.SSSSSSSSSS.SSSSSSSSSS.SSSSSSSSSS.SSSSSSSSSS.SSSSSSSSSS.SSSSSSSSSS.PP.PP.
.....................................................................................................
.PP.PP.SSSSSSSSSS.SSSSSSSSSS.SSSSSSSSSS.SSSSSSSSSS.SSSSSSSSSS.SSSSSSSSSS.SSSSSSSSSS.SSSSSSSSSS.PP.PP.
.OP.OP.BBBBBBBBBB.BBBBBBBBBB.BBBBBBBBBB.BBBBBBBBBB.BBBBBBBBBB.BBBBBBBBBB.BBBBBBBBBB.BBBBBBBBBB.PO.PO.
.PP.PP.SSSSSSSSSS.SSSSSSSSSS.SSSSSSSSSS.SSSSSSSSSS.SSSSSSSSSS.SSSSSSSSSS.SSSSSSSSSS.SSSSSSSSSS.PP.PP.
.....................................................................................................
.PP.PP.SSSSSSSSSS.SSSSSSSSSS.SSSSSSSSSS.SSSSSSSSSS.SSSSSSSSSS.SSSSSSSSSS.SSSSSSSSSS.SSSSSSSSSS.PP.PP.
.OP.OP.BBBBBBBBBB.BBBBBBBBBB.BBBBBBBBBB.BBBBBBBBBB.BBBBBBBBBB.BBBBBBBBBB.BBBBBBBBBB.BBBBBBBBBB.PO.PO.
.PP.PP.SSSSSSSSSS.SSSSSSSSSS.SSSSSSSSSS.SSSSSSSSSS.SSSSSSSSSS.SSSSSSSSSS.SSSSSSSSSS.SSSSSSSSSS.PP.PP.
.....................................................................................................
.PP.PP.SSSSSSSSSS.SSSSSSSSSS.SSSSSSSSSS.SSSSSSSSSS.SSSSSSSSSS.SSSSSSSSSS.SSSSSSSSSS.SSSSSSSSSS.PP.PP.
.OP.OP.BBBBBBBBBB.BBBBBBBBBB.BBBBBBBBBB.BBBBBBBBBB.BBBBBBBBBB.BBBBBBBBBB.BBBBBBBBBB.BBBBBBBBBB.PO.PO.
.PP.PP.SSSSSSSSSS.SSSSSSSSSS.SSSSSSSSSS.SSSSSSSSSS.SSSSSSSSSS.SSSSSSSSSS.SSSSSSSSSS.SSSSSSSSSS.PP.PP.
.....................................................................................................
.PP.PP.SSSSSSSSSS.SSSSSSSSSS.SSSSSSSSSS.SSSSSSSSSS.SSSSSSSSSS.SSSSSSSSSS.SSSSSSSSSS.SSSSSSSSSS.PP.PP.
.OP.OP.BBBBBBBBBB.BBBBBBBBBB.BBBBBBBBBB.BBBBBBBBBB.BBBBBBBBBB.BBBBBBBBBB.BBBBBBBBBB.BBBBBBBBBB.PO.PO.
.PP.PP.SSSSSSSSSS.SSSSSSSSSS.SSSSSSSSSS.SSSSSSSSSS.SSSSSSSSSS.SSSSSSSSSS.SSSSSSSSSS.SSSSSSSSSS.PP.PP.
.....................................................................................................
.PP.PP.SSSSSSSSSS.SSSSSSSSSS.SSSSSSSSSS.SSSSSSSSSS.SSSSSSSSSS.SSSSSSSSSS.SSSSSSSSSS.SSSSSSSSSS.PP.PP.
.OP.OP.BBBBBBBBBB.BBBBBBBBBB.BBBBBBBBBB.BBBBBBBBBB.BBBBBBBBBB.BBBBBBBBBB.BBBBBBBBBB.BBBBBBBBBB.PO.PO.
.PP.PP.SSSSSSSSSS.SSSSSSSSSS.SSSSSSSSSS.SSSSSSSSSS.SSSSSSSSSS.SSSSSSSSSS.SSSSSSSSSS.SSSSSSSSSS.PP.PP.
.....................................................................................................
.PP.PP.SSSSSSSSSS.SSSSSSSSSS.SSSSSSSSSS.SSSSSSSSSS.SSSSSSSSSS.SSSSSSSSSS.SSSSSSSSSS.SSSSSSSSSS.PP.PP.
.OP.OP.BBBBBBBBBB.BBBBBBBBBB.BBBBBBBBBB.BBBBBBBBBB.BBBBBBBBBB.BBBBBBBBBB.BBBBBBBBBB.BBBBBBBBBB.PO.PO.
.PP.PP.SSSSSSSSSS.SSSSSSSSSS.SSSSSSSSSS.SSSSSSSSSS.SSSSSSSSSS.SSSSSSSSSS.SSSSSSSSSS.SSSSSSSSSS.PP.PP.
.....................................................................................................